System Check @ Mon Jun  2 02:30:04 PM EEST 2025
---DISK USAGE---
Filesystem      Size  Used Avail Use% Mounted on
tmpfs           1.1G  1.7M  1.1G   1% /run
/dev/sda2        49G   16G   31G  34% /
tmpfs           5.1G     0  5.1G   0% /dev/shm
tmpfs           5.0M  8.0K  5.0M   1% /run/lock
tmpfs           1.1G  136K  1.1G   1% /run/user/1000
---MEMORY---
               total        used        free      shared  buff/cache   available
Mem:           10259        2409        5903          56        2270        7850
Swap:           4095           0        4095
---UPTIME---
 14:30:04 up  2:55,  1 user,  load average: 0.13, 0.32, 0.37
--------------------
System journal
System Check @ Mon Jun  2 02:30:09 PM EEST 2025
---DISK USAGE---
Filesystem      Size  Used Avail Use% Mounted on
tmpfs           1.1G  1.7M  1.1G   1% /run
/dev/sda2        49G   16G   31G  34% /
tmpfs           5.1G     0  5.1G   0% /dev/shm
tmpfs           5.0M  8.0K  5.0M   1% /run/lock
tmpfs           1.1G  136K  1.1G   1% /run/user/1000
---MEMORY---
               total        used        free      shared  buff/cache   available
Mem:           10259        2409        5902          56        2271        7850
Swap:           4095           0        4095
---UPTIME---
 14:30:09 up  2:55,  1 user,  load average: 0.12, 0.31, 0.37
--------------------
System journal
System Check @ Mon Jun  2 02:30:09 PM EEST 2025
---DISK USAGE---
Filesystem      Size  Used Avail Use% Mounted on
tmpfs           1.1G  1.7M  1.1G   1% /run
/dev/sda2        49G   16G   31G  34% /
tmpfs           5.1G     0  5.1G   0% /dev/shm
tmpfs           5.0M  8.0K  5.0M   1% /run/lock
tmpfs           1.1G  136K  1.1G   1% /run/user/1000
---MEMORY---
               total        used        free      shared  buff/cache   available
Mem:           10259        2409        5902          56        2271        7850
Swap:           4095           0        4095
---UPTIME---
 14:30:09 up  2:55,  1 user,  load average: 0.12, 0.31, 0.37
--------------------
System journal
System Check @ Mon Jun  2 02:30:10 PM EEST 2025
---DISK USAGE---
Filesystem      Size  Used Avail Use% Mounted on
tmpfs           1.1G  1.7M  1.1G   1% /run
/dev/sda2        49G   16G   31G  34% /
tmpfs           5.1G     0  5.1G   0% /dev/shm
tmpfs           5.0M  8.0K  5.0M   1% /run/lock
tmpfs           1.1G  136K  1.1G   1% /run/user/1000
---MEMORY---
               total        used        free      shared  buff/cache   available
Mem:           10259        2409        5902          56        2271        7850
Swap:           4095           0        4095
---UPTIME---
 14:30:10 up  2:55,  1 user,  load average: 0.11, 0.31, 0.37
--------------------
System journal
System Check @ Mon Jun  2 02:32:01 PM EEST 2025
---DISK USAGE---
Filesystem      Size  Used Avail Use% Mounted on
tmpfs           1.1G  1.7M  1.1G   1% /run
/dev/sda2        49G   16G   31G  34% /
tmpfs           5.1G     0  5.1G   0% /dev/shm
tmpfs           5.0M  8.0K  5.0M   1% /run/lock
tmpfs           1.1G  136K  1.1G   1% /run/user/1000
---MEMORY---
               total        used        free      shared  buff/cache   available
Mem:           10259        2348        5964          56        2271        7911
Swap:           4095           0        4095
---UPTIME---
 14:32:01 up  2:57,  1 user,  load average: 0.19, 0.27, 0.34
--------------------
System journal
System Check @ Mon Jun  2 02:33:01 PM EEST 2025
---DISK USAGE---
Filesystem      Size  Used Avail Use% Mounted on
tmpfs           1.1G  1.7M  1.1G   1% /run
/dev/sda2        49G   16G   31G  34% /
tmpfs           5.1G     0  5.1G   0% /dev/shm
tmpfs           5.0M  8.0K  5.0M   1% /run/lock
tmpfs           1.1G  136K  1.1G   1% /run/user/1000
---MEMORY---
               total        used        free      shared  buff/cache   available
Mem:           10259        2347        5964          56        2272        7912
Swap:           4095           0        4095
---UPTIME---
 14:33:01 up  2:58,  1 user,  load average: 0.20, 0.26, 0.34
--------------------
System journal
System Check @ Mon Jun  2 02:34:01 PM EEST 2025
---DISK USAGE---
Filesystem      Size  Used Avail Use% Mounted on
tmpfs           1.1G  1.7M  1.1G   1% /run
/dev/sda2        49G   16G   31G  34% /
tmpfs           5.1G     0  5.1G   0% /dev/shm
tmpfs           5.0M  8.0K  5.0M   1% /run/lock
tmpfs           1.1G  136K  1.1G   1% /run/user/1000
---MEMORY---
               total        used        free      shared  buff/cache   available
Mem:           10259        2383        5928          56        2272        7876
Swap:           4095           0        4095
---UPTIME---
 14:34:01 up  2:59,  1 user,  load average: 0.45, 0.33, 0.36
--------------------
System journal
System Check @ Mon Jun  2 02:35:01 PM EEST 2025
---DISK USAGE---
Filesystem      Size  Used Avail Use% Mounted on
tmpfs           1.1G  1.7M  1.1G   1% /run
/dev/sda2        49G   16G   31G  34% /
tmpfs           5.1G     0  5.1G   0% /dev/shm
tmpfs           5.0M  8.0K  5.0M   1% /run/lock
tmpfs           1.1G  136K  1.1G   1% /run/user/1000
---MEMORY---
               total        used        free      shared  buff/cache   available
Mem:           10259        2376        5934          56        2272        7883
Swap:           4095           0        4095
---UPTIME---
 14:35:01 up  3:00,  1 user,  load average: 0.42, 0.34, 0.36
--------------------
System journal
System Check @ Mon Jun  2 02:36:01 PM EEST 2025
---DISK USAGE---
Filesystem      Size  Used Avail Use% Mounted on
tmpfs           1.1G  1.7M  1.1G   1% /run
/dev/sda2        49G   16G   31G  34% /
tmpfs           5.1G     0  5.1G   0% /dev/shm
tmpfs           5.0M  8.0K  5.0M   1% /run/lock
tmpfs           1.1G  136K  1.1G   1% /run/user/1000
---MEMORY---
               total        used        free      shared  buff/cache   available
Mem:           10259        2369        5941          56        2273        7890
Swap:           4095           0        4095
---UPTIME---
 14:36:01 up  3:01,  1 user,  load average: 0.15, 0.28, 0.34
--------------------
System journal
System Check @ Mon Jun  2 02:37:01 PM EEST 2025
---DISK USAGE---
Filesystem      Size  Used Avail Use% Mounted on
tmpfs           1.1G  1.7M  1.1G   1% /run
/dev/sda2        49G   16G   31G  34% /
tmpfs           5.1G     0  5.1G   0% /dev/shm
tmpfs           5.0M  8.0K  5.0M   1% /run/lock
tmpfs           1.1G  136K  1.1G   1% /run/user/1000
---MEMORY---
               total        used        free      shared  buff/cache   available
Mem:           10259        2414        5896          56        2273        7845
Swap:           4095           0        4095
---UPTIME---
 14:37:01 up  3:02,  1 user,  load average: 0.93, 0.47, 0.40
--------------------
System journal
System Check @ Tue Jun  3 11:25:47 AM EEST 2025
---DISK USAGE---
Filesystem      Size  Used Avail Use% Mounted on
tmpfs           1.1G  1.7M  1.1G   1% /run
/dev/sda2        49G   17G   31G  36% /
tmpfs           5.1G     0  5.1G   0% /dev/shm
tmpfs           5.0M  8.0K  5.0M   1% /run/lock
tmpfs           1.1G  136K  1.1G   1% /run/user/1000
---MEMORY---
               total        used        free      shared  buff/cache   available
Mem:           10259        2576        5914          74        2106        7683
Swap:           4095           0        4095
---UPTIME---
 11:25:47 up  3:04,  1 user,  load average: 0.60, 0.51, 0.40
--------------------
System Check @ Tue Jun  3 11:32:35 AM EEST 2025
---DISK USAGE---
Filesystem      Size  Used Avail Use% Mounted on
tmpfs           1.1G  1.7M  1.1G   1% /run
/dev/sda2        49G   17G   31G  36% /
tmpfs           5.1G     0  5.1G   0% /dev/shm
tmpfs           5.0M  8.0K  5.0M   1% /run/lock
tmpfs           1.1G  144K  1.1G   1% /run/user/1000
---MEMORY---
               total        used        free      shared  buff/cache   available
Mem:           10259        2587        5899          78        2114        7672
Swap:           4095           0        4095
---UPTIME---
 11:32:35 up  3:10,  1 user,  load average: 0.48, 0.49, 0.44
--------------------
